// Jest Snapshot v1, https://goo.gl/fbAQLP

exports[`Tests the header section matches the snapshot 1`] = `
<header
  id="home"
>
  <nav
    id="nav-wrap"
  >
    <a
      className="mobile-btn"
      href="#nav-wrap"
      title="Show navigation"
    >
      Show navigation
    </a>
    <a
      className="mobile-btn"
      href="#home"
      title="Hide navigation"
    >
      Hide navigation
    </a>
    <ul
      className="nav"
      id="nav"
    >
      <li
        className="current"
      >
        <a
          className="smoothscroll"
          href="#home"
        >
          Home
        </a>
      </li>
      <li>
        <a
          className="smoothscroll"
          href="#about"
        >
          About
        </a>
      </li>
      <li>
        <a
          className="smoothscroll"
          href="#resume"
        >
          Resume
        </a>
      </li>
      <li>
        <a
          className="smoothscroll"
          href="#portfolio"
        >
          Works
        </a>
      </li>
      <li>
        <a
          className="smoothscroll"
          href="#testimonials"
        >
          Testimonials
        </a>
      </li>
    </ul>
  </nav>
  <div
    className="row banner"
  >
    <div
      className="banner-text"
    >
      <h1
        className="responsive-headline"
      >
        I'm 
        .
      </h1>
      <h3>
        I'm a 
         based 
        <span />
        . 
        .
      </h3>
      <hr />
      <ul
        className="social"
      />
    </div>
  </div>
  <p
    className="scrolldown"
  >
    <a
      className="smoothscroll"
      href="#about"
    >
      <i
        className="icon-down-circle"
      />
    </a>
  </p>
</header>
`;
