// Jest Snapshot v1, https://goo.gl/fbAQLP

exports[`Tests the testimonials section matches the snapshot 1`] = `
<section
  id="testimonials"
>
  <div
    className="text-container"
  >
    <div
      className="row"
    >
      <div
        className="two columns header-col"
      >
        <h1>
          <span>
            Client Testimonials
          </span>
        </h1>
      </div>
      <div
        className="ten columns flex-container"
      >
        <ul
          className="slides"
        />
      </div>
    </div>
  </div>
</section>
`;
